// Jest Snapshot v1, https://goo.gl/fbAQLP

exports[`Test InputTag component should render correctly 1`] = `
ShallowWrapper {
  "length": 1,
  Symbol(enzyme.__root__): [Circular],
  Symbol(enzyme.__unrendered__): <InputTag
    onChangeHandler={[MockFunction]}
    onClickHandler={[MockFunction]}
    placeholder="Foo"
    tags={
      Array [
        "Lorem",
        "Ipsum",
        "Lorem ipsum",
        "Sed ut perspiciatis",
        "perspiciatis",
      ]
    }
  />,
  Symbol(enzyme.__renderer__): Object {
    "batchedUpdates": [Function],
    "getNode": [Function],
    "render": [Function],
    "simulateEvent": [Function],
    "unmount": [Function],
  },
  Symbol(enzyme.__node__): Object {
    "instance": null,
    "key": undefined,
    "nodeType": "host",
    "props": Object {
      "children": Array [
        <Input
          doNotScroll={true}
          onChange={[Function]}
          placeholder="Foo"
          searchIcon={true}
          size="small"
        />,
        null,
        Array [
          <div
            className="suggestedChip"
          >
            <Chip
              onClickHandler={[Function]}
              text="Lorem"
            />
          </div>,
          <div
            className="suggestedChip"
          >
            <Chip
              onClickHandler={[Function]}
              text="Ipsum"
            />
          </div>,
          <div
            className="suggestedChip"
          >
            <Chip
              onClickHandler={[Function]}
              text="Lorem ipsum"
            />
          </div>,
          <div
            className="suggestedChip"
          >
            <Chip
              onClickHandler={[Function]}
              text="Sed ut perspiciatis"
            />
          </div>,
          <div
            className="suggestedChip"
          >
            <Chip
              onClickHandler={[Function]}
              text="perspiciatis"
            />
          </div>,
        ],
        null,
        Array [],
      ],
      "className": "inputTag",
    },
    "ref": null,
    "rendered": Array [
      Object {
        "instance": null,
        "key": undefined,
        "nodeType": "class",
        "props": Object {
          "doNotScroll": true,
          "onChange": [Function],
          "placeholder": "Foo",
          "searchIcon": true,
          "size": "small",
        },
        "ref": "input",
        "rendered": null,
        "type": [Function],
      },
      null,
      Object {
        "instance": null,
        "key": "0",
        "nodeType": "host",
        "props": Object {
          "children": <Chip
            onClickHandler={[Function]}
            text="Lorem"
          />,
          "className": "suggestedChip",
        },
        "ref": null,
        "rendered": Object {
          "instance": null,
          "key": undefined,
          "nodeType": "class",
          "props": Object {
            "color": undefined,
            "onClickHandler": [Function],
            "text": "Lorem",
          },
          "ref": null,
          "rendered": null,
          "type": [Function],
        },
        "type": "div",
      },
      Object {
        "instance": null,
        "key": "1",
        "nodeType": "host",
        "props": Object {
          "children": <Chip
            onClickHandler={[Function]}
            text="Ipsum"
          />,
          "className": "suggestedChip",
        },
        "ref": null,
        "rendered": Object {
          "instance": null,
          "key": undefined,
          "nodeType": "class",
          "props": Object {
            "color": undefined,
            "onClickHandler": [Function],
            "text": "Ipsum",
          },
          "ref": null,
          "rendered": null,
          "type": [Function],
        },
        "type": "div",
      },
      Object {
        "instance": null,
        "key": "2",
        "nodeType": "host",
        "props": Object {
          "children": <Chip
            onClickHandler={[Function]}
            text="Lorem ipsum"
          />,
          "className": "suggestedChip",
        },
        "ref": null,
        "rendered": Object {
          "instance": null,
          "key": undefined,
          "nodeType": "class",
          "props": Object {
            "color": undefined,
            "onClickHandler": [Function],
            "text": "Lorem ipsum",
          },
          "ref": null,
          "rendered": null,
          "type": [Function],
        },
        "type": "div",
      },
      Object {
        "instance": null,
        "key": "3",
        "nodeType": "host",
        "props": Object {
          "children": <Chip
            onClickHandler={[Function]}
            text="Sed ut perspiciatis"
          />,
          "className": "suggestedChip",
        },
        "ref": null,
        "rendered": Object {
          "instance": null,
          "key": undefined,
          "nodeType": "class",
          "props": Object {
            "color": undefined,
            "onClickHandler": [Function],
            "text": "Sed ut perspiciatis",
          },
          "ref": null,
          "rendered": null,
          "type": [Function],
        },
        "type": "div",
      },
      Object {
        "instance": null,
        "key": "4",
        "nodeType": "host",
        "props": Object {
          "children": <Chip
            onClickHandler={[Function]}
            text="perspiciatis"
          />,
          "className": "suggestedChip",
        },
        "ref": null,
        "rendered": Object {
          "instance": null,
          "key": undefined,
          "nodeType": "class",
          "props": Object {
            "color": undefined,
            "onClickHandler": [Function],
            "text": "perspiciatis",
          },
          "ref": null,
          "rendered": null,
          "type": [Function],
        },
        "type": "div",
      },
      null,
    ],
    "type": "div",
  },
  Symbol(enzyme.__nodes__): Array [
    Object {
      "instance": null,
      "key": undefined,
      "nodeType": "host",
      "props": Object {
        "children": Array [
          <Input
            doNotScroll={true}
            onChange={[Function]}
            placeholder="Foo"
            searchIcon={true}
            size="small"
          />,
          null,
          Array [
            <div
              className="suggestedChip"
            >
              <Chip
                onClickHandler={[Function]}
                text="Lorem"
              />
            </div>,
            <div
              className="suggestedChip"
            >
              <Chip
                onClickHandler={[Function]}
                text="Ipsum"
              />
            </div>,
            <div
              className="suggestedChip"
            >
              <Chip
                onClickHandler={[Function]}
                text="Lorem ipsum"
              />
            </div>,
            <div
              className="suggestedChip"
            >
              <Chip
                onClickHandler={[Function]}
                text="Sed ut perspiciatis"
              />
            </div>,
            <div
              className="suggestedChip"
            >
              <Chip
                onClickHandler={[Function]}
                text="perspiciatis"
              />
            </div>,
          ],
          null,
          Array [],
        ],
        "className": "inputTag",
      },
      "ref": null,
      "rendered": Array [
        Object {
          "instance": null,
          "key": undefined,
          "nodeType": "class",
          "props": Object {
            "doNotScroll": true,
            "onChange": [Function],
            "placeholder": "Foo",
            "searchIcon": true,
            "size": "small",
          },
          "ref": "input",
          "rendered": null,
          "type": [Function],
        },
        null,
        Object {
          "instance": null,
          "key": "0",
          "nodeType": "host",
          "props": Object {
            "children": <Chip
              onClickHandler={[Function]}
              text="Lorem"
            />,
            "className": "suggestedChip",
          },
          "ref": null,
          "rendered": Object {
            "instance": null,
            "key": undefined,
            "nodeType": "class",
            "props": Object {
              "color": undefined,
              "onClickHandler": [Function],
              "text": "Lorem",
            },
            "ref": null,
            "rendered": null,
            "type": [Function],
          },
          "type": "div",
        },
        Object {
          "instance": null,
          "key": "1",
          "nodeType": "host",
          "props": Object {
            "children": <Chip
              onClickHandler={[Function]}
              text="Ipsum"
            />,
            "className": "suggestedChip",
          },
          "ref": null,
          "rendered": Object {
            "instance": null,
            "key": undefined,
            "nodeType": "class",
            "props": Object {
              "color": undefined,
              "onClickHandler": [Function],
              "text": "Ipsum",
            },
            "ref": null,
            "rendered": null,
            "type": [Function],
          },
          "type": "div",
        },
        Object {
          "instance": null,
          "key": "2",
          "nodeType": "host",
          "props": Object {
            "children": <Chip
              onClickHandler={[Function]}
              text="Lorem ipsum"
            />,
            "className": "suggestedChip",
          },
          "ref": null,
          "rendered": Object {
            "instance": null,
            "key": undefined,
            "nodeType": "class",
            "props": Object {
              "color": undefined,
              "onClickHandler": [Function],
              "text": "Lorem ipsum",
            },
            "ref": null,
            "rendered": null,
            "type": [Function],
          },
          "type": "div",
        },
        Object {
          "instance": null,
          "key": "3",
          "nodeType": "host",
          "props": Object {
            "children": <Chip
              onClickHandler={[Function]}
              text="Sed ut perspiciatis"
            />,
            "className": "suggestedChip",
          },
          "ref": null,
          "rendered": Object {
            "instance": null,
            "key": undefined,
            "nodeType": "class",
            "props": Object {
              "color": undefined,
              "onClickHandler": [Function],
              "text": "Sed ut perspiciatis",
            },
            "ref": null,
            "rendered": null,
            "type": [Function],
          },
          "type": "div",
        },
        Object {
          "instance": null,
          "key": "4",
          "nodeType": "host",
          "props": Object {
            "children": <Chip
              onClickHandler={[Function]}
              text="perspiciatis"
            />,
            "className": "suggestedChip",
          },
          "ref": null,
          "rendered": Object {
            "instance": null,
            "key": undefined,
            "nodeType": "class",
            "props": Object {
              "color": undefined,
              "onClickHandler": [Function],
              "text": "perspiciatis",
            },
            "ref": null,
            "rendered": null,
            "type": [Function],
          },
          "type": "div",
        },
        null,
      ],
      "type": "div",
    },
  ],
  Symbol(enzyme.__options__): Object {
    "adapter": ReactSixteenAdapter {
      "options": Object {
        "enableComponentDidUpdateOnSetState": true,
      },
    },
  },
}
`;
