// Jest Snapshot v1, https://goo.gl/fbAQLP

exports[`Test InputNumber component should render correctly 1`] = `
ShallowWrapper {
  "length": 1,
  Symbol(enzyme.__root__): [Circular],
  Symbol(enzyme.__unrendered__): <InputNumber
    defaultValue="Default value"
    maxNum={80}
    minNum={8}
    onChange={[MockFunction]}
    placeholder="Placeholder"
  />,
  Symbol(enzyme.__renderer__): Object {
    "batchedUpdates": [Function],
    "getNode": [Function],
    "render": [Function],
    "simulateEvent": [Function],
    "unmount": [Function],
  },
  Symbol(enzyme.__node__): Object {
    "instance": null,
    "key": undefined,
    "nodeType": "host",
    "props": Object {
      "children": Array [
        <div
          className="title small"
        />,
        <Input
          defaultValue="Default value"
          maxNum={80}
          minNum={8}
          onChange={[Function]}
          placeholder="Placeholder"
          textColor=""
          type="number"
        />,
      ],
      "className": "inputNumber",
    },
    "ref": null,
    "rendered": Array [
      Object {
        "instance": null,
        "key": undefined,
        "nodeType": "host",
        "props": Object {
          "children": undefined,
          "className": "title small",
        },
        "ref": null,
        "rendered": null,
        "type": "div",
      },
      Object {
        "instance": null,
        "key": undefined,
        "nodeType": "class",
        "props": Object {
          "defaultValue": "Default value",
          "maxNum": 80,
          "minNum": 8,
          "onChange": [Function],
          "placeholder": "Placeholder",
          "textColor": "",
          "type": "number",
        },
        "ref": null,
        "rendered": null,
        "type": [Function],
      },
    ],
    "type": "div",
  },
  Symbol(enzyme.__nodes__): Array [
    Object {
      "instance": null,
      "key": undefined,
      "nodeType": "host",
      "props": Object {
        "children": Array [
          <div
            className="title small"
          />,
          <Input
            defaultValue="Default value"
            maxNum={80}
            minNum={8}
            onChange={[Function]}
            placeholder="Placeholder"
            textColor=""
            type="number"
          />,
        ],
        "className": "inputNumber",
      },
      "ref": null,
      "rendered": Array [
        Object {
          "instance": null,
          "key": undefined,
          "nodeType": "host",
          "props": Object {
            "children": undefined,
            "className": "title small",
          },
          "ref": null,
          "rendered": null,
          "type": "div",
        },
        Object {
          "instance": null,
          "key": undefined,
          "nodeType": "class",
          "props": Object {
            "defaultValue": "Default value",
            "maxNum": 80,
            "minNum": 8,
            "onChange": [Function],
            "placeholder": "Placeholder",
            "textColor": "",
            "type": "number",
          },
          "ref": null,
          "rendered": null,
          "type": [Function],
        },
      ],
      "type": "div",
    },
  ],
  Symbol(enzyme.__options__): Object {
    "adapter": ReactSixteenAdapter {
      "options": Object {
        "enableComponentDidUpdateOnSetState": true,
      },
    },
  },
}
`;
