// Jest Snapshot v1, https://goo.gl/fbAQLP

exports[`Test MatchingBars component should render correctly 1`] = `
ShallowWrapper {
  "length": 1,
  Symbol(enzyme.__root__): [Circular],
  Symbol(enzyme.__unrendered__): <TranslationComponent
    background="white"
    condensed={false}
    matching={0}
    onClickHandler={[MockFunction]}
    similarity={0}
    strings={
      Object {
        "compatible": "Compatibilidad",
        "condensed": false,
        "similar": "Similaridad",
      }
    }
  >
    Lorem ipsum
  </TranslationComponent>,
  Symbol(enzyme.__renderer__): Object {
    "batchedUpdates": [Function],
    "getNode": [Function],
    "render": [Function],
    "simulateEvent": [Function],
    "unmount": [Function],
  },
  Symbol(enzyme.__node__): Object {
    "instance": null,
    "key": undefined,
    "nodeType": "class",
    "props": Object {
      "background": "white",
      "children": "Lorem ipsum",
      "condensed": false,
      "locale": undefined,
      "matching": 0,
      "onClickHandler": [MockFunction],
      "similarity": 0,
      "strings": Object {
        "compatible": "Compatibilidad",
        "condensed": false,
        "similar": "Similaridad",
      },
    },
    "ref": null,
    "rendered": "Lorem ipsum",
    "type": [Function],
  },
  Symbol(enzyme.__nodes__): Array [
    Object {
      "instance": null,
      "key": undefined,
      "nodeType": "class",
      "props": Object {
        "background": "white",
        "children": "Lorem ipsum",
        "condensed": false,
        "locale": undefined,
        "matching": 0,
        "onClickHandler": [MockFunction],
        "similarity": 0,
        "strings": Object {
          "compatible": "Compatibilidad",
          "condensed": false,
          "similar": "Similaridad",
        },
      },
      "ref": null,
      "rendered": "Lorem ipsum",
      "type": [Function],
    },
  ],
  Symbol(enzyme.__options__): Object {
    "adapter": ReactSixteenAdapter {
      "options": Object {
        "enableComponentDidUpdateOnSetState": true,
      },
    },
  },
}
`;
