// Jest Snapshot v1, https://goo.gl/fbAQLP

exports[`Test SelectMultiple component should render correctly 1`] = `
ShallowWrapper {
  "length": 1,
  Symbol(enzyme.__root__): [Circular],
  Symbol(enzyme.__unrendered__): <SelectMultiple
    labels={
      Array [
        Object {
          "id": "lorem",
          "text": "Lorem",
        },
        Object {
          "id": "ipsum",
          "text": "Ipsum",
        },
        Object {
          "id": "lorem-ipsum",
          "text": "Lorem ipsum",
        },
        Object {
          "id": "sed-ut-perspiciatis",
          "text": "Sed ut perspiciatis",
        },
      ]
    }
    onClickHandler={[MockFunction]}
    title="Foo"
    values={
      Array [
        "lorem",
        "lorem-ipsum",
      ]
    }
  />,
  Symbol(enzyme.__renderer__): Object {
    "batchedUpdates": [Function],
    "getNode": [Function],
    "render": [Function],
    "simulateEvent": [Function],
    "unmount": [Function],
  },
  Symbol(enzyme.__node__): Object {
    "instance": null,
    "key": undefined,
    "nodeType": "host",
    "props": Object {
      "children": <div
        className="chips"
      >
        <div
          className="title small"
        >
          Foo
        </div>
        <Chip
          onClickHandler={[Function]}
          selected={true}
          text="Lorem"
        />
        <Chip
          onClickHandler={[Function]}
          selected={false}
          text="Ipsum"
        />
        <Chip
          onClickHandler={[Function]}
          selected={true}
          text="Lorem ipsum"
        />
        <Chip
          onClickHandler={[Function]}
          selected={false}
          text="Sed ut perspiciatis"
        />
      </div>,
      "className": "selectMultiple",
    },
    "ref": null,
    "rendered": Object {
      "instance": null,
      "key": undefined,
      "nodeType": "host",
      "props": Object {
        "children": Array [
          <div
            className="title small"
          >
            Foo
          </div>,
          Array [
            <Chip
              onClickHandler={[Function]}
              selected={true}
              text="Lorem"
            />,
            <Chip
              onClickHandler={[Function]}
              selected={false}
              text="Ipsum"
            />,
            <Chip
              onClickHandler={[Function]}
              selected={true}
              text="Lorem ipsum"
            />,
            <Chip
              onClickHandler={[Function]}
              selected={false}
              text="Sed ut perspiciatis"
            />,
          ],
        ],
        "className": "chips",
      },
      "ref": null,
      "rendered": Array [
        Object {
          "instance": null,
          "key": undefined,
          "nodeType": "host",
          "props": Object {
            "children": "Foo",
            "className": "title small",
          },
          "ref": null,
          "rendered": "Foo",
          "type": "div",
        },
        Object {
          "instance": null,
          "key": "lorem",
          "nodeType": "class",
          "props": Object {
            "color": undefined,
            "onClickHandler": [Function],
            "selected": true,
            "text": "Lorem",
          },
          "ref": null,
          "rendered": null,
          "type": [Function],
        },
        Object {
          "instance": null,
          "key": "ipsum",
          "nodeType": "class",
          "props": Object {
            "color": undefined,
            "onClickHandler": [Function],
            "selected": false,
            "text": "Ipsum",
          },
          "ref": null,
          "rendered": null,
          "type": [Function],
        },
        Object {
          "instance": null,
          "key": "lorem-ipsum",
          "nodeType": "class",
          "props": Object {
            "color": undefined,
            "onClickHandler": [Function],
            "selected": true,
            "text": "Lorem ipsum",
          },
          "ref": null,
          "rendered": null,
          "type": [Function],
        },
        Object {
          "instance": null,
          "key": "sed-ut-perspiciatis",
          "nodeType": "class",
          "props": Object {
            "color": undefined,
            "onClickHandler": [Function],
            "selected": false,
            "text": "Sed ut perspiciatis",
          },
          "ref": null,
          "rendered": null,
          "type": [Function],
        },
      ],
      "type": "div",
    },
    "type": "div",
  },
  Symbol(enzyme.__nodes__): Array [
    Object {
      "instance": null,
      "key": undefined,
      "nodeType": "host",
      "props": Object {
        "children": <div
          className="chips"
        >
          <div
            className="title small"
          >
            Foo
          </div>
          <Chip
            onClickHandler={[Function]}
            selected={true}
            text="Lorem"
          />
          <Chip
            onClickHandler={[Function]}
            selected={false}
            text="Ipsum"
          />
          <Chip
            onClickHandler={[Function]}
            selected={true}
            text="Lorem ipsum"
          />
          <Chip
            onClickHandler={[Function]}
            selected={false}
            text="Sed ut perspiciatis"
          />
        </div>,
        "className": "selectMultiple",
      },
      "ref": null,
      "rendered": Object {
        "instance": null,
        "key": undefined,
        "nodeType": "host",
        "props": Object {
          "children": Array [
            <div
              className="title small"
            >
              Foo
            </div>,
            Array [
              <Chip
                onClickHandler={[Function]}
                selected={true}
                text="Lorem"
              />,
              <Chip
                onClickHandler={[Function]}
                selected={false}
                text="Ipsum"
              />,
              <Chip
                onClickHandler={[Function]}
                selected={true}
                text="Lorem ipsum"
              />,
              <Chip
                onClickHandler={[Function]}
                selected={false}
                text="Sed ut perspiciatis"
              />,
            ],
          ],
          "className": "chips",
        },
        "ref": null,
        "rendered": Array [
          Object {
            "instance": null,
            "key": undefined,
            "nodeType": "host",
            "props": Object {
              "children": "Foo",
              "className": "title small",
            },
            "ref": null,
            "rendered": "Foo",
            "type": "div",
          },
          Object {
            "instance": null,
            "key": "lorem",
            "nodeType": "class",
            "props": Object {
              "color": undefined,
              "onClickHandler": [Function],
              "selected": true,
              "text": "Lorem",
            },
            "ref": null,
            "rendered": null,
            "type": [Function],
          },
          Object {
            "instance": null,
            "key": "ipsum",
            "nodeType": "class",
            "props": Object {
              "color": undefined,
              "onClickHandler": [Function],
              "selected": false,
              "text": "Ipsum",
            },
            "ref": null,
            "rendered": null,
            "type": [Function],
          },
          Object {
            "instance": null,
            "key": "lorem-ipsum",
            "nodeType": "class",
            "props": Object {
              "color": undefined,
              "onClickHandler": [Function],
              "selected": true,
              "text": "Lorem ipsum",
            },
            "ref": null,
            "rendered": null,
            "type": [Function],
          },
          Object {
            "instance": null,
            "key": "sed-ut-perspiciatis",
            "nodeType": "class",
            "props": Object {
              "color": undefined,
              "onClickHandler": [Function],
              "selected": false,
              "text": "Sed ut perspiciatis",
            },
            "ref": null,
            "rendered": null,
            "type": [Function],
          },
        ],
        "type": "div",
      },
      "type": "div",
    },
  ],
  Symbol(enzyme.__options__): Object {
    "adapter": ReactSixteenAdapter {
      "options": Object {
        "enableComponentDidUpdateOnSetState": true,
      },
    },
  },
}
`;
