// Jest Snapshot v1, https://goo.gl/fbAQLP

exports[`Test Tabs component should render correctly 1`] = `
ShallowWrapper {
  "length": 1,
  Symbol(enzyme.__root__): [Circular],
  Symbol(enzyme.__unrendered__): <Tabs
    defaultFocus={false}
    defaultIndex={null}
    forceRenderTabPanel={false}
    selectedIndex={null}
  >
    <TabList>
      <Tab
        columns={2}
      >
        Foo
      </Tab>
      <Tab
        columns={2}
      >
        Bar
      </Tab>
    </TabList>
    <TabPanel>
      <div>
        Lorem ipsum.
      </div>
    </TabPanel>
    <TabPanel>
      <div>
        Etiam et elit ante
      </div>
    </TabPanel>
  </Tabs>,
  Symbol(enzyme.__renderer__): Object {
    "batchedUpdates": [Function],
    "getNode": [Function],
    "render": [Function],
    "simulateEvent": [Function],
    "unmount": [Function],
  },
  Symbol(enzyme.__node__): Object {
    "instance": null,
    "key": undefined,
    "nodeType": "class",
    "props": Object {
      "children": Array [
        <TabList>
          <Tab
            columns={2}
          >
            Foo
          </Tab>
          <Tab
            columns={2}
          >
            Bar
          </Tab>
        </TabList>,
        <TabPanel>
          <div>
            Lorem ipsum.
          </div>
        </TabPanel>,
        <TabPanel>
          <div>
            Etiam et elit ante
          </div>
        </TabPanel>,
      ],
      "className": "react-tabs",
      "focus": false,
      "forceRenderTabPanel": false,
      "onSelect": [Function],
      "selectedIndex": 0,
    },
    "ref": null,
    "rendered": Array [
      Object {
        "instance": null,
        "key": undefined,
        "nodeType": "class",
        "props": Object {
          "children": Array [
            <Tab
              columns={2}
            >
              Foo
            </Tab>,
            <Tab
              columns={2}
            >
              Bar
            </Tab>,
          ],
        },
        "ref": null,
        "rendered": Array [
          Object {
            "instance": null,
            "key": undefined,
            "nodeType": "class",
            "props": Object {
              "children": "Foo",
              "columns": 2,
            },
            "ref": null,
            "rendered": "Foo",
            "type": [Function],
          },
          Object {
            "instance": null,
            "key": undefined,
            "nodeType": "class",
            "props": Object {
              "children": "Bar",
              "columns": 2,
            },
            "ref": null,
            "rendered": "Bar",
            "type": [Function],
          },
        ],
        "type": [Function],
      },
      Object {
        "instance": null,
        "key": undefined,
        "nodeType": "class",
        "props": Object {
          "children": <div>
            Lorem ipsum.
          </div>,
        },
        "ref": null,
        "rendered": Object {
          "instance": null,
          "key": undefined,
          "nodeType": "host",
          "props": Object {
            "children": "Lorem ipsum.",
          },
          "ref": null,
          "rendered": "Lorem ipsum.",
          "type": "div",
        },
        "type": [Function],
      },
      Object {
        "instance": null,
        "key": undefined,
        "nodeType": "class",
        "props": Object {
          "children": <div>
            Etiam et elit ante
          </div>,
        },
        "ref": null,
        "rendered": Object {
          "instance": null,
          "key": undefined,
          "nodeType": "host",
          "props": Object {
            "children": "Etiam et elit ante",
          },
          "ref": null,
          "rendered": "Etiam et elit ante",
          "type": "div",
        },
        "type": [Function],
      },
    ],
    "type": [Function],
  },
  Symbol(enzyme.__nodes__): Array [
    Object {
      "instance": null,
      "key": undefined,
      "nodeType": "class",
      "props": Object {
        "children": Array [
          <TabList>
            <Tab
              columns={2}
            >
              Foo
            </Tab>
            <Tab
              columns={2}
            >
              Bar
            </Tab>
          </TabList>,
          <TabPanel>
            <div>
              Lorem ipsum.
            </div>
          </TabPanel>,
          <TabPanel>
            <div>
              Etiam et elit ante
            </div>
          </TabPanel>,
        ],
        "className": "react-tabs",
        "focus": false,
        "forceRenderTabPanel": false,
        "onSelect": [Function],
        "selectedIndex": 0,
      },
      "ref": null,
      "rendered": Array [
        Object {
          "instance": null,
          "key": undefined,
          "nodeType": "class",
          "props": Object {
            "children": Array [
              <Tab
                columns={2}
              >
                Foo
              </Tab>,
              <Tab
                columns={2}
              >
                Bar
              </Tab>,
            ],
          },
          "ref": null,
          "rendered": Array [
            Object {
              "instance": null,
              "key": undefined,
              "nodeType": "class",
              "props": Object {
                "children": "Foo",
                "columns": 2,
              },
              "ref": null,
              "rendered": "Foo",
              "type": [Function],
            },
            Object {
              "instance": null,
              "key": undefined,
              "nodeType": "class",
              "props": Object {
                "children": "Bar",
                "columns": 2,
              },
              "ref": null,
              "rendered": "Bar",
              "type": [Function],
            },
          ],
          "type": [Function],
        },
        Object {
          "instance": null,
          "key": undefined,
          "nodeType": "class",
          "props": Object {
            "children": <div>
              Lorem ipsum.
            </div>,
          },
          "ref": null,
          "rendered": Object {
            "instance": null,
            "key": undefined,
            "nodeType": "host",
            "props": Object {
              "children": "Lorem ipsum.",
            },
            "ref": null,
            "rendered": "Lorem ipsum.",
            "type": "div",
          },
          "type": [Function],
        },
        Object {
          "instance": null,
          "key": undefined,
          "nodeType": "class",
          "props": Object {
            "children": <div>
              Etiam et elit ante
            </div>,
          },
          "ref": null,
          "rendered": Object {
            "instance": null,
            "key": undefined,
            "nodeType": "host",
            "props": Object {
              "children": "Etiam et elit ante",
            },
            "ref": null,
            "rendered": "Etiam et elit ante",
            "type": "div",
          },
          "type": [Function],
        },
      ],
      "type": [Function],
    },
  ],
  Symbol(enzyme.__options__): Object {
    "adapter": ReactSixteenAdapter {
      "options": Object {
        "enableComponentDidUpdateOnSetState": true,
      },
    },
  },
}
`;
