// Jest Snapshot v1, https://goo.gl/fbAQLP

exports[`Test UserTopData component should render correctly 1`] = `
ShallowWrapper {
  "length": 1,
  Symbol(enzyme.__root__): [Circular],
  Symbol(enzyme.__unrendered__): <UserTopData
    onClickHandler={[MockFunction]}
    subColor="white"
    usernameColor="white"
  >
    Lorem ipsum
  </UserTopData>,
  Symbol(enzyme.__renderer__): Object {
    "batchedUpdates": [Function],
    "getNode": [Function],
    "render": [Function],
    "simulateEvent": [Function],
    "unmount": [Function],
  },
  Symbol(enzyme.__node__): Object {
    "instance": null,
    "key": undefined,
    "nodeType": "host",
    "props": Object {
      "children": Array [
        <div
          className="username"
          style={
            Object {
              "color": "white",
            }
          }
        />,
        <div
          className="ageCity"
          style={
            Object {
              "color": "white",
            }
          }
        >
          N/A
           • 
        </div>,
      ],
      "className": "userTopData",
    },
    "ref": null,
    "rendered": Array [
      Object {
        "instance": null,
        "key": undefined,
        "nodeType": "host",
        "props": Object {
          "children": undefined,
          "className": "username",
          "style": Object {
            "color": "white",
          },
        },
        "ref": null,
        "rendered": null,
        "type": "div",
      },
      Object {
        "instance": null,
        "key": undefined,
        "nodeType": "host",
        "props": Object {
          "children": Array [
            "N/A",
            " • ",
            undefined,
          ],
          "className": "ageCity",
          "style": Object {
            "color": "white",
          },
        },
        "ref": null,
        "rendered": Array [
          "N/A",
          " • ",
          undefined,
        ],
        "type": "div",
      },
    ],
    "type": "div",
  },
  Symbol(enzyme.__nodes__): Array [
    Object {
      "instance": null,
      "key": undefined,
      "nodeType": "host",
      "props": Object {
        "children": Array [
          <div
            className="username"
            style={
              Object {
                "color": "white",
              }
            }
          />,
          <div
            className="ageCity"
            style={
              Object {
                "color": "white",
              }
            }
          >
            N/A
             • 
          </div>,
        ],
        "className": "userTopData",
      },
      "ref": null,
      "rendered": Array [
        Object {
          "instance": null,
          "key": undefined,
          "nodeType": "host",
          "props": Object {
            "children": undefined,
            "className": "username",
            "style": Object {
              "color": "white",
            },
          },
          "ref": null,
          "rendered": null,
          "type": "div",
        },
        Object {
          "instance": null,
          "key": undefined,
          "nodeType": "host",
          "props": Object {
            "children": Array [
              "N/A",
              " • ",
              undefined,
            ],
            "className": "ageCity",
            "style": Object {
              "color": "white",
            },
          },
          "ref": null,
          "rendered": Array [
            "N/A",
            " • ",
            undefined,
          ],
          "type": "div",
        },
      ],
      "type": "div",
    },
  ],
  Symbol(enzyme.__options__): Object {
    "adapter": ReactSixteenAdapter {
      "options": Object {
        "enableComponentDidUpdateOnSetState": true,
      },
    },
  },
}
`;
