// Jest Snapshot v1, https://goo.gl/fbAQLP

exports[`Test OwnProposalCard component should render correctly 1`] = `
ShallowWrapper {
  "length": 1,
  Symbol(enzyme.__root__): [Circular],
  Symbol(enzyme.__unrendered__): <TranslationComponent
    image="http://via.placeholder.com/360x180"
    nickname="JohnDoe"
    onClickHandler={[MockFunction]}
    photos={
      Array [
        "http://via.placeholder.com/100x100/ff0000",
        "http://via.placeholder.com/100x100/00ff00",
        "http://via.placeholder.com/100x100/0000ff",
        "http://via.placeholder.com/100x100/ff0000",
        "http://via.placeholder.com/100x100/00ff00",
      ]
    }
    resume="Lorem ipsum dolor sit amet"
    strings={
      Object {
        "matches": "Matches",
      }
    }
    title="Lorem ipsum dolor sit amet"
    type="professional-project"
  />,
  Symbol(enzyme.__renderer__): Object {
    "batchedUpdates": [Function],
    "getNode": [Function],
    "render": [Function],
    "simulateEvent": [Function],
    "unmount": [Function],
  },
  Symbol(enzyme.__node__): Object {
    "instance": null,
    "key": undefined,
    "nodeType": "class",
    "props": Object {
      "image": "http://via.placeholder.com/360x180",
      "locale": undefined,
      "nickname": "JohnDoe",
      "onClickHandler": [MockFunction],
      "photos": Array [
        "http://via.placeholder.com/100x100/ff0000",
        "http://via.placeholder.com/100x100/00ff00",
        "http://via.placeholder.com/100x100/0000ff",
        "http://via.placeholder.com/100x100/ff0000",
        "http://via.placeholder.com/100x100/00ff00",
      ],
      "resume": "Lorem ipsum dolor sit amet",
      "strings": Object {
        "matches": "Matches",
      },
      "title": "Lorem ipsum dolor sit amet",
      "type": "professional-project",
    },
    "ref": null,
    "rendered": null,
    "type": [Function],
  },
  Symbol(enzyme.__nodes__): Array [
    Object {
      "instance": null,
      "key": undefined,
      "nodeType": "class",
      "props": Object {
        "image": "http://via.placeholder.com/360x180",
        "locale": undefined,
        "nickname": "JohnDoe",
        "onClickHandler": [MockFunction],
        "photos": Array [
          "http://via.placeholder.com/100x100/ff0000",
          "http://via.placeholder.com/100x100/00ff00",
          "http://via.placeholder.com/100x100/0000ff",
          "http://via.placeholder.com/100x100/ff0000",
          "http://via.placeholder.com/100x100/00ff00",
        ],
        "resume": "Lorem ipsum dolor sit amet",
        "strings": Object {
          "matches": "Matches",
        },
        "title": "Lorem ipsum dolor sit amet",
        "type": "professional-project",
      },
      "ref": null,
      "rendered": null,
      "type": [Function],
    },
  ],
  Symbol(enzyme.__options__): Object {
    "adapter": ReactSixteenAdapter {
      "options": Object {
        "enableComponentDidUpdateOnSetState": true,
      },
    },
  },
}
`;
